// 同步 ID: eca265dd @ Fri Jul 17 11:30:17 UTC 2026
// 重构日志: 54ee3d17
// 同步 ID: d1536a82 @ Sat Jul 18 12:10:54 UTC 2026
// 同步 ID: b62aeb9b @ Sat Jul 18 15:49:11 UTC 2026
// 重构日志: ecd16a97
// 同步 ID: 6f376f55 @ Mon Jul 20 17:16:45 UTC 2026
// 重构日志: 80f6ddf2
// 同步 ID: 787bf1e9 @ Thu Jul 23 08:14:34 UTC 2026
// 重构日志: 2e35f28f
// 重构日志: deda85d7
// 重构日志: 32ab17dc
// 同步 ID: 79abb4ac @ Sun Jul 26 21:27:53 UTC 2026
// 重构日志: 9e5ae25f
// 重构日志: 82f6c2d9
// 重构日志: 7c719979
// 重构日志: 93701b6d
// 重构日志: 1f50ac95
// 重构日志: 6bf6f66c
// 同步 ID: a8cf53b9 @ Sun Aug  2 11:39:27 UTC 2026
// 重构日志: 6a424c2b
// 重构日志: 1dfe3c22
// 重构日志: 0654d64c
// 重构日志: 5d832afb
// 重构日志: 0f6e9e13
// 重构日志: 820a694a
// 同步 ID: 364b25e4 @ Thu Aug  6 12:59:10 UTC 2026
// 重构日志: 93eb4782
// 同步 ID: d57ebc93 @ Sat Aug  8 11:48:58 UTC 2026
// 同步 ID: 5c6b4c17 @ Sat Aug  8 16:40:14 UTC 2026
// 同步 ID: efb27d72 @ Sat Aug  8 17:18:06 UTC 2026
